// Jest Snapshot v1, https://goo.gl/fbAQLP

exports[`Test on <TestComp /> component Should render without the props 1`] = `
<section>
  <div
    className="container"
  >
    <div
      className="row"
    >
      <div
        className="col-12"
      >
        <p
          className="batata h3 py-4 text-center some"
        >
          Webpack Typescript Test
        </p>
        <model-viewer
          auto-rotate={true}
          camera-controls={true}
          src="test-file-stub"
        />
      </div>
    </div>
  </div>
</section>
`;
