// Jest Snapshot v1, https://goo.gl/fbAQLP

exports[`Test on <ArtCarousel /> component Should render without the props 1`] = `
<div
  className="container-fluid my-5 py-4 d-none d-lg-block"
>
  <div
    className="row py-5"
  >
    <div
      className="col-12 col-lg-7 m-auto"
    >
      <section
        className="w-100 text-center"
      >
        <p
          className="fontBold h2"
        >
          Artworks Showcase
        </p>
        <p
          className="fontThin"
        >
          Art is my safe haven, where I can escape from the pressures of daily life, focus on something positive and uplifting.
        </p>
        <section
          className="w-100"
        >
          <span
            aria-hidden="true"
            className="d-block d-md-inline-block   textLink"
            onClick={[Function]}
            role="button"
          >
            View All Artworks
          </span>
        </section>
      </section>
    </div>
  </div>
  <section
    className="w-100 position-relative"
  >
    <span
      className="topBorder"
    >
       
    </span>
    <div
      className="row"
    >
      <div
        className="col-sm text-center"
      >
        <section
          className="bg-white h-100 pointer"
          onClick={[Function]}
        >
          <img
            alt="test-file-stub"
            className="imgClass p-2"
            src="test-file-stub"
          />
        </section>
      </div>
      <div
        className="col-sm text-center"
      >
        <section
          className="bg-white h-100 pointer"
          onClick={[Function]}
        >
          <img
            alt="test-file-stub"
            className="imgClass p-2"
            src="test-file-stub"
          />
        </section>
      </div>
      <div
        className="col-sm text-center"
      >
        <section
          className="bg-white h-100 pointer"
          onClick={[Function]}
        >
          <img
            alt="test-file-stub"
            className="imgClass p-2"
            src="test-file-stub"
          />
        </section>
      </div>
      <div
        className="col-sm text-center"
      >
        <section
          className="bg-white h-100 pointer"
          onClick={[Function]}
        >
          <img
            alt="test-file-stub"
            className="imgClass p-2"
            src="test-file-stub"
          />
        </section>
      </div>
      <div
        className="col-sm text-center"
      >
        <section
          className="bg-white h-100 pointer"
          onClick={[Function]}
        >
          <img
            alt="test-file-stub"
            className="imgClass p-2"
            src="test-file-stub"
          />
        </section>
      </div>
    </div>
    <span
      className="bottomBorder"
    >
       
    </span>
  </section>
</div>
`;
