// Jest Snapshot v1, https://goo.gl/fbAQLP

exports[`Test on <WorkSection /> component Should render without the props 1`] = `
<div
  className="container-fluid my-5 p-0"
>
  <div
    className="row"
  >
    <div
      className="col-12 col-lg-6 p-0"
    >
      <section
        className="codingStyle"
      >
        <p
          className="h2 mb-3 fontBold"
        >
          Web/App UI Design & Specification
        </p>
        <p
          className="fontThin mb-4"
        >
          Lorem ipsum dolor sit amet, consectetur adipiscing elit, sed do eiusmod tempor incididunt ut labore et dolore magna aliqua. Ut enim ad minim veniam, quis nostrud exercitation ullamco laboris nisi ut aliquip ex ea commodo consequat. Duis aute irure dolor in reprehenderit in voluptate velit esse cillum dolore eu fugiat nulla pariatur. Excepteur sint occaecat cupidatat non proident, sunt in culpa qui officia deserunt mollit anim id est laborum.
        </p>
        <span
          aria-hidden="true"
          className="btn mb-3 btn-info"
          onClick={[Function]}
        >
          Take a look
        </span>
      </section>
    </div>
    <div
      className="col-12 col-lg-6 p-0"
    >
      <section
        className="commonBg w-100"
      />
    </div>
  </div>
  <div
    className="row mt-5"
  >
    <div
      className="col-12 col-lg-6 p-0"
    >
      <section
        className="commonBg designBack w-100"
      />
    </div>
    <div
      className="col-12 col-lg-6 text-right p-0"
    >
      <section
        className="codingStyle"
      >
        <p
          className="h2 mb-3 fontBold"
        >
          Commercial & Art Design
        </p>
        <p
          className="fontThin mb-4"
        >
          Lorem ipsum dolor sit amet, consectetur adipiscing elit, sed do eiusmod tempor incididunt ut labore et dolore magna aliqua. Ut enim ad minim veniam, quis nostrud exercitation ullamco laboris nisi ut aliquip ex ea commodo consequat. Duis aute irure dolor in reprehenderit in voluptate velit esse cillum dolore eu fugiat nulla pariatur. Excepteur sint occaecat cupidatat non proident, sunt in culpa qui officia deserunt mollit anim id est laborum.
        </p>
        <span
          aria-hidden="true"
          className="btn mb-3 btn-info"
          onClick={[Function]}
        >
          Take a look
        </span>
      </section>
    </div>
  </div>
</div>
`;
